[
  {
    "Resources": {
      "LayerB20D2F06": {
        "Type": "AWS::Lambda::LayerVersion",
        "Properties": {
          "Content": {
            "S3Bucket": {
              "Ref": "AssetParameterscff0e7519a19b9d2f9e46c677af6798646b9f5d23b6b47b7ca37890e15a73bbeS3Bucket1A231EBF"
            },
            "S3Key": {
              "Fn::Join": [
                "",
                [
                  {
                    "Fn::Select": [
                      0,
                      {
                        "Fn::Split": [
                          "||",
                          {
                            "Ref": "AssetParameterscff0e7519a19b9d2f9e46c677af6798646b9f5d23b6b47b7ca37890e15a73bbeS3VersionKeyFC7F06B6"
                          }
                        ]
                      }
                    ]
                  },
                  {
                    "Fn::Select": [
                      1,
                      {
                        "Fn::Split": [
                          "||",
                          {
                            "Ref": "AssetParameterscff0e7519a19b9d2f9e46c677af6798646b9f5d23b6b47b7ca37890e15a73bbeS3VersionKeyFC7F06B6"
                          }
                        ]
                      }
                    ]
                  }
                ]
              ]
            }
          }
        }
      },
      "SSMExportRefLayerB20D2F06E5F12C7F": {
        "Type": "AWS::SSM::Parameter",
        "Properties": {
          "Name": "/stacks/integ-layers-weakref-layerstack/RefLayerB20D2F06",
          "Description": "[cdk] exported from stack \"integ-layers-weakref-layerstack\" for use as parameter in a different stack",
          "Type": "String",
          "Value": {
            "Ref": "LayerB20D2F06"
          }
        }
      }
    },
    "Parameters": {
      "AssetParameterscff0e7519a19b9d2f9e46c677af6798646b9f5d23b6b47b7ca37890e15a73bbeS3Bucket1A231EBF": {
        "Type": "String",
        "Description": "S3 bucket for asset \"cff0e7519a19b9d2f9e46c677af6798646b9f5d23b6b47b7ca37890e15a73bbe\""
      },
      "AssetParameterscff0e7519a19b9d2f9e46c677af6798646b9f5d23b6b47b7ca37890e15a73bbeS3VersionKeyFC7F06B6": {
        "Type": "String",
        "Description": "S3 key for asset version \"cff0e7519a19b9d2f9e46c677af6798646b9f5d23b6b47b7ca37890e15a73bbe\""
      },
      "AssetParameterscff0e7519a19b9d2f9e46c677af6798646b9f5d23b6b47b7ca37890e15a73bbeArtifactHashFFD7BA29": {
        "Type": "String",
        "Description": "Artifact hash for asset \"cff0e7519a19b9d2f9e46c677af6798646b9f5d23b6b47b7ca37890e15a73bbe\""
      }
    }
  },
  {
    "Resources": {
      "FunctionServiceRole675BB04A": {
        "Type": "AWS::IAM::Role",
        "Properties": {
          "AssumeRolePolicyDocument": {
            "Statement": [
              {
                "Action": "sts:AssumeRole",
                "Effect": "Allow",
                "Principal": {
                  "Service": "lambda.amazonaws.com"
                }
              }
            ],
            "Version": "2012-10-17"
          },
          "ManagedPolicyArns": [
            {
              "Fn::Join": [
                "",
                [
                  "arn:",
                  {
                    "Ref": "AWS::Partition"
                  },
                  ":iam::aws:policy/service-role/AWSLambdaBasicExecutionRole"
                ]
              ]
            }
          ]
        }
      },
      "Function76856677": {
        "Type": "AWS::Lambda::Function",
        "Properties": {
          "Code": {
            "ZipFile": "foo"
          },
          "Handler": "index.handler",
          "Role": {
            "Fn::GetAtt": [
              "FunctionServiceRole675BB04A",
              "Arn"
            ]
          },
          "Runtime": "nodejs12.x",
          "Layers": [
            {
              "Ref": "SsmParameterValuestacksinteglayersweakreflayerstackRefLayerB20D2F06"
            }
          ]
        },
        "DependsOn": [
          "FunctionServiceRole675BB04A"
        ]
      }
    },
    "Parameters": {
      "SsmParameterValuestacksinteglayersweakreflayerstackRefLayerB20D2F06": {
        "Type": "AWS::SSM::Parameter::Value<String>",
        "Default": "/stacks/integ-layers-weakref-layerstack/RefLayerB20D2F06"
      }
    }
  }
]